-3.44019 -3.43714
-3.44545 -3.44246
-3.44693 -3.44407
-3.44607 -3.44265
-3.43715 -3.43552
-3.44767 -3.44357
-3.46513 -3.46474
-3.44058 -3.43554
-3.46357 -3.4617
-3.46077 -3.45856
-3.47598 -3.47277
-3.47889 -3.47698
-3.47606 -3.47648
-3.4706 -3.46957
-3.47068 -3.46829
-3.47409 -3.47367
-3.47196 -3.47132
-3.47013 -3.46866
-3.47179 -3.46815
-3.47436 -3.47332
-3.44972 -3.44596
-3.43796 -3.43337
-3.43868 -3.43638
-3.44728 -3.44357
-3.46168 -3.45915
-3.4623 -3.45969
-3.4526 -3.45122
-3.44359 -3.43983
-3.45616 -3.45349
-3.45292 -3.45195
-3.44876 -3.44585
-3.4367 -3.43599
-3.44396 -3.4412
-3.45125 -3.44576
-3.43874 -3.4365
-3.44467 -3.44239
-3.4365 -3.43559
-3.44532 -3.44396
-3.44361 -3.44077
-3.44787 -3.44547
-3.45426 -3.44954
-3.44914 -3.44738
-3.44894 -3.44797
-3.45289 -3.45064
-3.44791 -3.44703
-3.45437 -3.45209
-3.46295 -3.46176
-3.45756 -3.4553
-3.44806 -3.44414
-3.45308 -3.45208
-3.46781 -3.4669
-3.46125 -3.45629
-3.46402 -3.46178
-3.46135 -3.46037
-3.46563 -3.46265
-3.46389 -3.46322
-3.45451 -3.45213
-3.46779 -3.46507
-3.45426 -3.45201
-3.4597 -3.45712
-3.47563 -3.47302
-3.46336 -3.46105
-3.46375 -3.46031
-3.46672 -3.46622
-3.47183 -3.46998
-3.46706 -3.46445
-3.46655 -3.46565
-3.45969 -3.45797
-3.46563 -3.46331
-3.45499 -3.4515
-3.46342 -3.46137
-3.46993 -3.4664
-3.4736 -3.47223
-3.46905 -3.46588
-3.46603 -3.4634
-3.46408 -3.461
-3.46704 -3.46569
-3.4653 -3.46174
-3.47186 -3.46706
-3.46928 -3.4675
-3.47439 -3.46932
-3.44916 -3.44705
-3.47443 -3.47141
-3.45997 -3.45831
-3.46993 -3.46791
-3.46614 -3.46208
-3.45237 -3.45193
-3.47004 -3.46915
-3.45811 -3.45615
-3.4568 -3.45656
-3.46154 -3.45775
-3.4473 -3.44582
-3.45061 -3.44758
-3.46554 -3.46224
-3.45952 -3.45772
-3.44985 -3.44718
-3.44672 -3.44637
-3.45158 -3.45062
-3.45896 -3.45555
-3.4573 -3.45329
-3.45677 -3.45656
-3.45774 -3.45604
-3.45866 -3.45596
-3.4601 -3.4571
-3.45917 -3.45626
-3.45287 -3.44968
-3.46291 -3.46044
-3.45863 -3.45595
-3.46045 -3.45731
-3.46249 -3.46056
-3.45829 -3.45644
-3.46282 -3.46135
-3.45713 -3.45646
-3.45421 -3.45242
-3.45893 -3.45842
-3.45576 -3.45318
-3.44129 -3.43671
-3.45965 -3.45779
-3.44298 -3.44316
-3.44321 -3.43908
-3.4504 -3.44648
-3.44596 -3.44283
-3.45573 -3.45252
-3.44931 -3.44664
-3.43819 -3.43735
-3.43691 -3.43298
-3.449 -3.4453
-3.45318 -3.45091
-3.43631 -3.43227
-3.44453 -3.44262
-3.47014 -3.46826
-3.47178 -3.47022
-3.47115 -3.46733
-3.47148 -3.46744
-3.47302 -3.473
-3.46905 -3.46617
-3.47256 -3.47092
-3.47036 -3.46763
-3.47414 -3.4712
-3.47639 -3.4749
-3.44258 -3.43959
-3.45295 -3.45168
-3.44605 -3.44241
-3.43392 -3.43059
-3.44499 -3.44127
-3.44675 -3.44312
-3.4399 -3.43677
-3.44887 -3.44644
-3.45332 -3.45092
-3.44823 -3.44508
-3.4477 -3.44557
-3.4372 -3.43645
-3.45305 -3.45156
-3.44278 -3.44218
-3.45711 -3.45531
-3.43642 -3.43418
-3.46483 -3.46372
-3.44997 -3.44707
-3.45516 -3.45461
-3.44362 -3.44181
-3.46823 -3.46765
-3.47506 -3.47425
-3.44245 -3.44073
-3.46874 -3.46913
-3.44928 -3.44538
-3.44685 -3.4473
-3.45139 -3.44963
-3.43838 -3.43603
-3.44424 -3.44211
-3.44758 -3.44516
-3.44388 -3.44287
-3.4373 -3.43375
-3.43853 -3.43693
-3.48256 -3.48268
-3.49774 -3.49781
-3.4811 -3.48081
-3.50151 -3.50186
-3.47872 -3.47869
-3.47353 -3.4745
-3.49426 -3.49554
-3.48421 -3.48452
-3.48641 -3.48648
-3.48372 -3.48461
-3.47792 -3.47989
-3.48208 -3.48175
-3.49068 -3.49055
-3.47383 -3.47342
-3.48045 -3.48091
-3.48629 -3.48684
-3.47547 -3.47558
-3.48588 -3.48706
-3.44164 -3.43928
-3.43432 -3.43053
-3.43627 -3.43231
-3.44078 -3.43941
-3.44465 -3.44276
-3.43938 -3.43588
-3.44578 -3.44297
-3.43881 -3.43796
-3.43926 -3.4356
-3.4472 -3.44471
-3.44067 -3.43734
-3.43712 -3.43598
-3.44862 -3.44696
-3.44892 -3.44486
-3.4427 -3.44212
-3.44247 -3.44088
-3.49366 -3.49436
-3.48945 -3.4893
-3.48205 -3.4825
-3.48825 -3.48842
-3.48775 -3.48839
-3.49092 -3.49171
-3.47867 -3.47942
-3.48852 -3.48856
-3.47665 -3.47422
-3.45232 -3.45079
-3.44121 -3.44182
-3.44483 -3.44043
-3.44113 -3.43797
-3.44781 -3.44549
-3.45158 -3.45098
-3.44031 -3.43911
-3.44497 -3.44025
-3.47333 -3.47122
-3.46988 -3.46847
-3.48117 -3.48118
-3.46133 -3.46101
-3.47246 -3.47122
-3.47607 -3.47691
-3.46702 -3.46657
-3.47956 -3.47871
-3.47678 -3.47559
-3.4513 -3.45197
-3.44291 -3.44212
-3.44032 -3.43847
-3.44515 -3.44261
-3.45137 -3.45071
-3.44836 -3.44527
-3.45102 -3.44752
-3.44298 -3.44087
-3.44682 -3.44347
-3.48341 -3.48257
-3.48124 -3.47978
-3.48465 -3.48479
-3.48876 -3.4878
-3.49076 -3.49163
-3.48404 -3.48272
-3.47624 -3.47556
-3.49151 -3.49181
-3.47932 -3.47891
-3.45806 -3.45381
-3.46377 -3.46302
-3.46686 -3.46375
-3.46126 -3.45858
-3.46528 -3.46421
-3.46333 -3.46237
-3.46221 -3.46058
-3.4749 -3.47179
-3.47269 -3.47069
-3.47084 -3.46925
-3.47184 -3.47116
-3.4705 -3.46716
-3.47401 -3.47118
-3.47496 -3.47251
-3.47103 -3.4677
-3.46077 -3.45995
-3.45568 -3.45257
-3.45597 -3.45206
-3.4496 -3.44623
-3.45085 -3.44889
-3.45249 -3.44927
-3.45944 -3.45763
-3.46071 -3.45964
-3.45398 -3.45237
-3.45326 -3.44915
-3.45238 -3.45037
-3.46536 -3.46095
-3.4559 -3.45293
-3.45468 -3.45186
-3.44967 -3.44729
-3.45799 -3.45454
-3.45389 -3.45101
-3.45095 -3.44704
-3.4612 -3.45852
-3.45356 -3.45178
-3.45625 -3.45482
-3.47331 -3.46852
-3.47045 -3.4659
-3.47256 -3.46897
-3.47462 -3.47253
-3.47146 -3.46625
-3.47054 -3.46706
-3.4736 -3.47091
-3.46385 -3.45382
-3.46857 -3.46286
-3.46146 -3.45556
-3.46578 -3.46053
-3.46591 -3.46337
-3.46228 -3.45322
-3.46693 -3.45994
-3.46184 -3.45937
-3.46123 -3.45798
-3.46115 -3.45777
-3.46476 -3.46415
-3.46835 -3.46543
-3.46773 -3.46506
-3.46558 -3.46267
-3.45261 -3.4502
-3.45687 -3.4552
-3.45647 -3.45355
-3.45154 -3.44884
-3.46624 -3.46369
-3.4571 -3.45531
-3.45334 -3.44906
-3.47485 -3.47274
-3.47326 -3.47065
-3.4722 -3.47072
-3.47348 -3.47191
-3.47599 -3.4741
-3.47148 -3.4693
-3.47559 -3.47362
-3.46252 -3.45997
-3.45959 -3.45845
-3.45422 -3.45199
-3.45492 -3.45246
-3.45402 -3.45094
-3.44566 -3.44213
-3.455 -3.44885
-3.47656 -3.4744
-3.46328 -3.46016
-3.47664 -3.47456
-3.46397 -3.46124
-3.47171 -3.46969
-3.47228 -3.47122
-3.47367 -3.47037
-3.45298 -3.45081
-3.45208 -3.44858
-3.45007 -3.44756
-3.45276 -3.44936
-3.45414 -3.45025
-3.45398 -3.45099
-3.45731 -3.45547
-3.46991 -3.46597
-3.45974 -3.45701
-3.46436 -3.46213
-3.46324 -3.46059
-3.47263 -3.47136
-3.46456 -3.46165
-3.46346 -3.46061
-3.46911 -3.46718
-3.48886 -3.48719
-3.47171 -3.46935
-3.48194 -3.47982
-3.45882 -3.4575
-3.47913 -3.47767
-3.39144 -3.38279
-3.41066 -3.40473
-3.43475 -3.43277
-3.44354 -3.44128
-3.43249 -3.42886
-3.44049 -3.43802
-3.43908 -3.43497
-3.44068 -3.4382
-3.44035 -3.43878
-3.44156 -3.43924
-3.4289 -3.42534
-3.43065 -3.42729
-3.44485 -3.44299
-3.45527 -3.4545
-3.45075 -3.44828
-3.43005 -3.42546
-3.52256 -3.52368
-3.52298 -3.52476
-3.51262 -3.51493
-3.51008 -3.51221
-3.51544 -3.51761
-3.50098 -3.50388
-3.5134 -3.51514
-3.52238 -3.52412
-3.52277 -3.52405
-3.52262 -3.52461
-3.52185 -3.52377
-3.52293 -3.52506
-3.52274 -3.52521
-3.52353 -3.52516
-3.52315 -3.52557
-3.51561 -3.51735
-3.5179 -3.51922
-3.52116 -3.52258
-3.5131 -3.51539
-3.52386 -3.5256
-3.52306 -3.52478
-3.51891 -3.52111
-3.50936 -3.51158
-3.51822 -3.51937
-3.51295 -3.51517
-3.51634 -3.51832
-3.51809 -3.51953
-3.51879 -3.5203
-3.5232 -3.52497
-3.51018 -3.51255
-3.52429 -3.52681
-3.51385 -3.51621
-3.52194 -3.52433
-3.50767 -3.51011
-3.52101 -3.52219
-3.52397 -3.52609
-3.52027 -3.52229
-3.51406 -3.51664
-3.52156 -3.52351
-3.52054 -3.52217
-3.52091 -3.52288
-3.51785 -3.5199
-3.51763 -3.51987
-3.51776 -3.52022
-3.52031 -3.52169
-3.52182 -3.52357
-3.52472 -3.5275
-3.52283 -3.52442
-3.52367 -3.52546
-3.5218 -3.52327
-3.52219 -3.5241
-3.5121 -3.51455
-3.52225 -3.52444
-3.52249 -3.52471
-3.52251 -3.52403
-3.51994 -3.52196
-3.52285 -3.52545
-3.51807 -3.51937
-3.51993 -3.52192
-3.5217 -3.52312
-3.52084 -3.52226
-3.51886 -3.52113
-3.52372 -3.52562
-3.52121 -3.52295
-3.51802 -3.52048
-3.50536 -3.50776
-3.52122 -3.52301
-3.51491 -3.51623
-3.5184 -3.52078
-3.50494 -3.50755
-3.51891 -3.52086
-3.523 -3.52456
-3.52137 -3.52341
-3.51934 -3.52119
-3.52216 -3.52375
-3.52159 -3.52306
-3.52195 -3.52428
-3.51857 -3.52007
-3.5113 -3.51407
-3.52265 -3.52424
-3.52074 -3.52219
-3.51727 -3.51907
-3.52535 -3.52755
-3.51463 -3.51606
-3.52272 -3.52484
-3.51178 -3.51389
-3.51651 -3.51837
-3.52193 -3.52375
-3.5196 -3.52106
-3.51891 -3.52052
-3.51998 -3.52222
-3.52189 -3.52342
-3.52089 -3.52327
-3.51453 -3.51695
-3.51484 -3.51691
-3.52036 -3.52203
-3.5218 -3.52414
-3.51492 -3.5177
-3.5234 -3.52559
-3.51959 -3.52116
-3.52084 -3.52238
-3.52299 -3.52539
-3.50762 -3.51035
-3.52241 -3.52473
-3.51116 -3.51382
-3.51712 -3.51856
-3.51625 -3.51883
-3.51972 -3.52179
-3.51682 -3.51915
-3.52404 -3.52623
-3.52209 -3.52414
-3.51955 -3.52166
-3.5207 -3.52248
-3.51023 -3.51254
-3.5207 -3.52203
-3.50296 -3.50569
-3.52164 -3.52343
-3.51397 -3.51654
-3.52515 -3.52724
-3.51938 -3.52103
-3.5248 -3.52636
-3.52461 -3.52634
-3.52085 -3.52257
-3.51242 -3.51509
-3.5227 -3.52494
-3.50373 -3.50658
-3.52412 -3.52656
-3.51839 -3.52109
-3.51947 -3.52164
-3.51015 -3.51287
-3.50906 -3.51151
-3.52182 -3.52373
-3.52396 -3.52626
-3.51843 -3.51953
-3.52116 -3.52324
-3.50513 -3.50771
-3.51272 -3.51487
-3.52271 -3.52457
-3.526 -3.52782
-3.52032 -3.52219
-3.52065 -3.52301
-3.51703 -3.519
-3.52311 -3.52506
-3.51545 -3.51772
-3.52383 -3.52597
-3.52517 -3.52697
-3.51774 -3.51973
-3.51005 -3.5127
-3.50549 -3.50799
-3.52412 -3.52601
-3.52035 -3.522
-3.50852 -3.51071
-3.51722 -3.51974
-3.51982 -3.5221
-3.51334 -3.51546
-3.52043 -3.5223
-3.52219 -3.52381
-3.52394 -3.52603
-3.51171 -3.5134
-3.5236 -3.52554
-3.51824 -3.52067
-3.52109 -3.52246
-3.52426 -3.52619
-3.51728 -3.51873
-3.51731 -3.5193
-3.52121 -3.52266
-3.51101 -3.51313
-3.52168 -3.52299
-3.52122 -3.52373
-3.5229 -3.52518
-3.51807 -3.51981
-3.51463 -3.51705
-3.51871 -3.52132
-3.51262 -3.51526
-3.51436 -3.5167
-3.52388 -3.52626
-3.5216 -3.52319
-3.52411 -3.52658
-3.5225 -3.52506
-3.52457 -3.52712
-3.52235 -3.52395
-3.50911 -3.51178
-3.51847 -3.51987
-3.52213 -3.52424
-3.52273 -3.52482
-3.51592 -3.5183
-3.51906 -3.52115
-3.52074 -3.52241
-3.51988 -3.52242
-3.52152 -3.52377
-3.50561 -3.50822
-3.52048 -3.52178
-3.52313 -3.52528
-3.51632 -3.51881
-3.5185 -3.51963
-3.51406 -3.51588
-3.52018 -3.52176
-3.52469 -3.52678
-3.52174 -3.52423
-3.5234 -3.52605
-3.50759 -3.50958
-3.52529 -3.52594
-3.50607 -3.50763
-3.51072 -3.51254
-3.50573 -3.508
-3.51017 -3.5129
-3.50944 -3.51158
-3.50951 -3.51273
-3.50496 -3.50712
-3.50473 -3.50663
-3.50417 -3.50591
-3.50782 -3.51074
-3.50039 -3.50253
-3.50418 -3.50752
-3.50745 -3.50982
-3.50581 -3.50775
-3.51201 -3.51468
-3.5088 -3.51064
-3.50774 -3.50883
-3.50364 -3.50766
-3.51749 -3.51833
-3.50813 -3.51044
-3.5051 -3.50574
-3.50904 -3.51109
-3.5122 -3.51334
-3.50727 -3.50907
-3.50628 -3.50707
-3.50349 -3.50753
-3.50475 -3.50558
-3.51117 -3.51332
-3.4604 -3.46432
-3.45927 -3.46297
-3.46136 -3.46401
-3.45779 -3.46058
-3.45766 -3.46106
-3.45885 -3.46143
-3.4642 -3.46786
-3.45873 -3.46268
-3.45942 -3.46117
-3.46455 -3.46772
-3.46577 -3.4693
-3.46332 -3.46688
-3.46089 -3.46499
-3.45709 -3.45925
-3.45827 -3.46012
-3.45936 -3.46214
-3.45802 -3.4609
-3.4579 -3.46037
-3.45813 -3.45995
-3.45922 -3.46186
-3.4649 -3.4684
-3.45623 -3.45812
-3.46002 -3.46446
-3.45772 -3.46107
-3.46004 -3.46271
-3.46334 -3.46598
-3.46177 -3.4642
-3.45983 -3.46399
-3.45632 -3.4596
-3.46266 -3.4663
-3.43469 -3.43809
-3.43649 -3.44017
-3.43102 -3.43732
-3.43577 -3.44032
-3.43482 -3.43843
-3.42994 -3.43419
-3.43558 -3.43914
-3.43354 -3.43941
-3.43501 -3.44
-3.43215 -3.43683
-3.43318 -3.43941
-3.4412 -3.44468
-3.43432 -3.43973
-3.43445 -3.43921
-3.43146 -3.43465
-3.43488 -3.43927
-3.43517 -3.43848
-3.43688 -3.4399
-3.43879 -3.44236
-3.44022 -3.44328
-3.43174 -3.43677
-3.44296 -3.44681
-3.43504 -3.43851
-3.43634 -3.44007
-3.43172 -3.43499
-3.43875 -3.44354
-3.43822 -3.44203
-3.43083 -3.43611
-3.43364 -3.43809
-3.43462 -3.43785
-3.47048 -3.47388
-3.46799 -3.47265
-3.46941 -3.47315
-3.46969 -3.47278
-3.46699 -3.47085
-3.46709 -3.47252
-3.46545 -3.46968
-3.46482 -3.46833
-3.46545 -3.46846
-3.46652 -3.46966
-3.46806 -3.47161
-3.47125 -3.47404
-3.46789 -3.47247
-3.46887 -3.47259
-3.46774 -3.47054
-3.46815 -3.47128
-3.46897 -3.4731
-3.46707 -3.47089
-3.47221 -3.47498
-3.46657 -3.47042
-3.47056 -3.47356
-3.46813 -3.47311
-3.46973 -3.47231
-3.46765 -3.46956
-3.46518 -3.46838
-3.46603 -3.46888
-3.4668 -3.47057
-3.4654 -3.46888
-3.46869 -3.47144
-3.46912 -3.47246
-3.45562 -3.45992
-3.44691 -3.45036
-3.44993 -3.45497
-3.44526 -3.44916
-3.44772 -3.452
-3.44862 -3.45237
-3.44508 -3.44905
-3.44909 -3.45482
-3.45515 -3.45911
-3.44902 -3.45311
-3.44759 -3.45046
-3.44445 -3.44855
-3.45394 -3.45891
-3.447 -3.45124
-3.45433 -3.45828
-3.45134 -3.45667
-3.45516 -3.45894
-3.4495 -3.45387
-3.45729 -3.46218
-3.4489 -3.4526
-3.451 -3.45624
-3.44952 -3.45368
-3.44196 -3.44677
-3.4478 -3.45163
-3.45512 -3.45926
-3.45892 -3.46377
-3.44602 -3.45001
-3.44594 -3.44942
-3.44727 -3.4511
-3.45224 -3.45561
-3.45751 -3.46057
-3.46592 -3.46799
-3.46194 -3.46403
-3.45679 -3.45898
-3.4644 -3.46734
-3.46999 -3.47214
-3.46753 -3.46917
-3.46357 -3.46784
-3.46373 -3.46755
-3.46312 -3.466
-3.46364 -3.46705
-3.46266 -3.46624
-3.46117 -3.46473
-3.45898 -3.4617
-3.46254 -3.46631
-3.46195 -3.46432
-3.45748 -3.46014
-3.45573 -3.45804
-3.4649 -3.46867
-3.46933 -3.47176
-3.46876 -3.47121
-3.46784 -3.47086
-3.46056 -3.46358
-3.45885 -3.46163
-3.46197 -3.4636
-3.46725 -3.46874
-3.46664 -3.46924
-3.46032 -3.46313
-3.46146 -3.46453
-3.46593 -3.4693
-3.37844 -3.38426
-3.38072 -3.38108
-3.37004 -3.37448
-3.39043 -3.39601
-3.31826 -3.30621
-3.37283 -3.37418
-3.38371 -3.38759
-3.38175 -3.38757
-3.37952 -3.38358
-3.3841 -3.38492
-3.38239 -3.38897
-3.35436 -3.35198
-3.37452 -3.37777
-3.38215 -3.38559
-3.32634 -3.31818
-3.28496 -3.26528
-3.39497 -3.40224
-3.38375 -3.38842
-3.30817 -3.29298
-3.38586 -3.3915
-3.3931 -3.39989
-3.38519 -3.38896
-3.38873 -3.39302
-3.32418 -3.31442
-3.36939 -3.37348
-3.37383 -3.37788
-3.38558 -3.38839
-3.38093 -3.38758
-3.32972 -3.32251
-3.37356 -3.37818
-3.30392 -3.28684
-3.31838 -3.31137
-3.36781 -3.37229
-3.38167 -3.38864
-3.31147 -3.29752
-3.37341 -3.3743
-3.37697 -3.38274
-3.37772 -3.38215
-3.38771 -3.39637
-3.32128 -3.31532
-3.38841 -3.39499
-3.35626 -3.36128
-3.37163 -3.3744
-3.28492 -3.26508
-3.35945 -3.35893
-3.36787 -3.36819
-3.3476 -3.34579
-3.36468 -3.36607
-3.31455 -3.30562
-3.38344 -3.3898
-3.37669 -3.38181
-3.37362 -3.3778
-3.31472 -3.3035
-3.35834 -3.36022
-3.35975 -3.36242
-3.37648 -3.38441
-3.38693 -3.39226
-3.38228 -3.38803
-3.38095 -3.38933
-3.37611 -3.37998
-3.34789 -3.34477
-3.33841 -3.3386
-3.30735 -3.29549
-3.34474 -3.34364
-3.3281 -3.32466
-3.33395 -3.33181
-3.34446 -3.34663
-3.34054 -3.33854
-3.34679 -3.34939
-3.35194 -3.35365
-3.34479 -3.34806
-3.34548 -3.34652
-3.33779 -3.33591
-3.34031 -3.34061
-3.32087 -3.31028
-3.36079 -3.36089
-3.35205 -3.35366
-3.28492 -3.26508
-3.30563 -3.29051
-3.34057 -3.34363
-3.33223 -3.33003
-3.31052 -3.29966
-3.3505 -3.351
-3.34539 -3.34628
-3.34522 -3.34908
-3.34952 -3.35086
-3.32622 -3.32082
-3.34239 -3.34258
-3.33984 -3.34152
-3.33958 -3.33873
-3.35571 -3.35877
-3.35105 -3.35885
-3.36899 -3.37082
-3.35323 -3.3549
-3.35624 -3.36192
-3.31305 -3.30469
-3.36592 -3.36684
-3.31795 -3.30983
-3.34558 -3.35104
-3.36055 -3.36051
-3.3676 -3.36799
-3.36597 -3.36981
-3.30949 -3.29555
-3.3658 -3.36604
-3.36532 -3.37007
-3.34307 -3.34777
-3.36608 -3.37138
-3.31788 -3.31048
-3.35345 -3.35367
-3.3632 -3.36791
-3.34937 -3.35014
-3.35365 -3.36019
-3.3193 -3.31224
-3.36746 -3.37087
-3.35471 -3.35241
-3.36743 -3.36732
-3.36302 -3.36419
-3.36081 -3.36298
-3.36233 -3.36237
-3.28423 -3.26447
-3.41119 -3.42427
-3.39858 -3.41002
-3.34178 -3.3333
-3.337 -3.32717
-3.34626 -3.33911
-3.4088 -3.42015
-3.3521 -3.3466
-3.40032 -3.41127
-3.40124 -3.41216
-3.3979 -3.40584
-3.40559 -3.41481
-3.40543 -3.41667
-3.39658 -3.40545
-3.406 -3.41854
-3.33083 -3.31917
-3.41255 -3.42579
-3.39904 -3.40506
-3.3973 -3.40806
-3.3848 -3.38637
-3.39482 -3.40437
-3.40469 -3.41415
-3.31558 -3.29949
-3.39758 -3.40723
-3.38752 -3.39093
-3.41492 -3.42779
-3.28492 -3.26508
-3.40746 -3.41942
-3.407 -3.4206
-3.37526 -3.37534
-3.40996 -3.42461
-3.44161 -3.44225
-3.44126 -3.44246
-3.39408 -3.39471
-3.42396 -3.42506
-3.4424 -3.44292
-3.44135 -3.44525
-3.42324 -3.42793
-3.39725 -3.40109
-3.44262 -3.44685
-3.44199 -3.44576
-3.38164 -3.38393
-3.37243 -3.37437
-3.35497 -3.35811
-3.37396 -3.37621
-3.34986 -3.3527
-3.40678 -3.409
-3.39588 -3.3983
-3.39681 -3.39899
-3.36966 -3.37258
-3.38545 -3.38842
-3.38276 -3.38698
-3.35646 -3.36117
-3.37532 -3.37966
-3.39581 -3.40019
-3.38352 -3.3873
-3.42383 -3.42619
-3.42281 -3.4247
-3.3699 -3.37098
-3.42321 -3.4254
-3.40907 -3.4119
-3.40955 -3.41086
-3.38818 -3.38982
-3.41671 -3.41775
-3.41598 -3.41726
-3.42729 -3.42825
-3.35628 -3.35592
-3.36968 -3.36973
-3.35673 -3.3577
-3.32576 -3.32596
-3.35559 -3.35533
-3.38725 -3.38768
-3.39327 -3.39409
-3.36026 -3.36161
-3.36656 -3.36715
-3.38741 -3.38787
-3.3821 -3.38308
-3.39763 -3.39815
-3.37377 -3.37493
-3.40586 -3.40646
-3.39823 -3.39897
-3.3814 -3.38711
-3.40089 -3.40652
-3.39889 -3.40513
-3.35025 -3.35634
-3.3819 -3.38727
-3.41969 -3.4211
-3.42253 -3.4239
-3.36243 -3.36341
-3.42394 -3.42533
-3.40783 -3.40967
-3.36479 -3.36648
-3.38192 -3.38359
-3.33264 -3.3349
-3.36453 -3.36598
-3.37912 -3.38243
-3.40108 -3.40818
-3.3501 -3.3563
-3.38279 -3.38877
-3.38293 -3.38881
-3.40187 -3.40781
-3.42476 -3.42545
-3.40337 -3.40501
-3.39494 -3.39579
-3.42939 -3.4304
-3.42447 -3.42537
-3.38197 -3.38691
-3.39692 -3.40156
-3.38616 -3.39135
-3.3512 -3.35643
-3.38052 -3.38519
-3.37569 -3.37647
-3.39025 -3.39192
-3.41199 -3.41297
-3.41193 -3.41308
-3.41168 -3.4128
-3.39848 -3.39923
-3.40027 -3.40117
-3.38667 -3.38734
-3.39904 -3.39957
-3.34591 -3.3472
-3.416 -3.41608
-3.41898 -3.41937
-3.39306 -3.39371
-3.41579 -3.41582
-3.38599 -3.38676
-3.41668 -3.42319
-3.37302 -3.37827
-3.4029 -3.40773
-3.40419 -3.40883
-3.42214 -3.42737
-3.41038 -3.41137
-3.40897 -3.41217
-3.38237 -3.38739
-3.42418 -3.42772
-3.38266 -3.38776
-3.43609 -3.4374
-3.43231 -3.4354
-3.40573 -3.41317
-3.41108 -3.4113
-3.44153 -3.44371
-3.43756 -3.43804
-3.40234 -3.40661
-3.41838 -3.4232
-3.42869 -3.4321
-3.38889 -3.39618
-3.4251 -3.42811
-3.4142 -3.42243
-3.42152 -3.42277
-3.43989 -3.44225
-3.42218 -3.42331
-3.38271 -3.38623
-3.4122 -3.41372
-3.45079 -3.45304
-3.45431 -3.45648
-3.39154 -3.39477
-3.38261 -3.38715
-3.43296 -3.43521
-3.43989 -3.44219
-3.43654 -3.43989
-3.45598 -3.45932
-3.44904 -3.4497
-3.44049 -3.44187
-3.40346 -3.40982
-3.42849 -3.43089
-3.45152 -3.45383
-3.40306 -3.4084
-3.45319 -3.45438
-3.4291 -3.43394
-3.37843 -3.38263
-3.44747 -3.4491
-3.44165 -3.44657
-3.409 -3.40931
-3.39485 -3.39979
-3.38311 -3.38747
-3.41354 -3.41838
-3.4381 -3.44125
-3.42615 -3.42985
-3.42696 -3.43049
-3.43886 -3.44306
-3.42992 -3.43019
-3.42762 -3.43196
-3.39618 -3.39051
-3.44689 -3.44876
-3.40528 -3.40415
-3.41908 -3.42321
-3.40281 -3.40932
-3.37867 -3.37965
-3.40525 -3.40577
-3.39744 -3.40706
-3.40036 -3.40258
-3.42771 -3.42828
-3.3988 -3.4035
-3.45535 -3.45798
-3.3822 -3.38762
-3.37965 -3.3847
-3.38823 -3.39507
-3.45551 -3.46018
-3.41451 -3.41655
-3.38506 -3.38861
-3.4248 -3.42988
-3.44898 -3.45015
-3.40682 -3.41232
-3.41309 -3.41547
-3.43643 -3.44015
-3.40671 -3.40856
-3.37653 -3.37212
-3.43523 -3.43455
-3.39383 -3.39797
-3.42582 -3.42916
-3.38101 -3.3848
-3.3932 -3.39731
-3.37938 -3.38437
-3.44117 -3.44601
-3.4552 -3.4583
-3.44325 -3.44638
-3.42849 -3.43098
-3.43664 -3.43919
-3.40124 -3.40699
-3.42748 -3.42866
-3.42314 -3.4257
-3.39685 -3.40082
-3.43641 -3.43894
-3.38491 -3.38793
-3.41296 -3.41307
-3.41722 -3.42087
-3.43214 -3.43685
-3.45099 -3.45314
-3.40207 -3.40363
-3.44156 -3.44318
-3.41326 -3.41665
-3.39406 -3.39757
-3.43704 -3.43968
-3.432 -3.43334
-3.43123 -3.4346
-3.44084 -3.44269
-3.4053 -3.3992
-3.41043 -3.41225
-3.37993 -3.38335
-3.40723 -3.40957
-3.40012 -3.40888
-3.42871 -3.42946
-3.42217 -3.42659
-3.42226 -3.43004
-3.38289 -3.38601
-3.3983 -3.40405
-3.38497 -3.38955
-3.45062 -3.45394
-3.39372 -3.39836
-3.4427 -3.44553
-3.44758 -3.45126
-3.44246 -3.44464
-3.42034 -3.42259
-3.40464 -3.405
-3.45349 -3.45572
-3.4439 -3.44716
-3.43015 -3.43177
-3.39578 -3.40068
-3.45318 -3.45934
-3.40427 -3.40746
-3.42759 -3.43034
-3.3941 -3.39878
-3.43276 -3.43816
-3.43065 -3.43518
-3.4319 -3.43152
-3.43494 -3.43917
-3.43673 -3.43887
-3.43408 -3.4364
-3.44982 -3.4516
-3.3878 -3.3917
-3.4394 -3.43991
-3.43918 -3.44248
-3.37956 -3.37855
-3.39317 -3.3995
-3.37782 -3.37977
-3.44743 -3.44892
-3.42178 -3.42647
-3.41916 -3.42274
-3.38617 -3.39281
-3.39115 -3.39347
-3.41004 -3.41758
-3.37863 -3.38225
-3.43084 -3.43272
-3.40091 -3.40448
-3.39884 -3.40609
-3.43254 -3.43707
-3.35797 -3.359
-3.41789 -3.41928
-3.42524 -3.42721
-3.44822 -3.45271
-3.43515 -3.441
-3.45255 -3.45534
-3.4145 -3.41574
-3.35111 -3.35468
-3.40592 -3.41251
-3.38723 -3.38998
-3.43562 -3.43996
-3.38028 -3.38658
-3.41174 -3.4135
-3.41645 -3.41937
-3.44859 -3.44967
-3.41859 -3.42282
-3.41713 -3.41856
-3.40642 -3.40815
-3.39014 -3.39766
-3.39803 -3.40188
-3.41551 -3.42317
-3.43161 -3.43385
-3.41025 -3.41349
-3.36458 -3.36662
-3.42514 -3.42568
-3.40037 -3.40387
-3.38987 -3.39452
-3.36097 -3.36312
-3.42674 -3.42944
-3.40294 -3.40477
-3.41192 -3.41466
-3.45112 -3.45502
-3.40782 -3.41164
-3.41063 -3.41186
-3.41683 -3.41938
-3.43663 -3.4405
-3.36835 -3.3699
-3.38204 -3.38546
-3.44418 -3.44835
-3.41402 -3.41855
-3.45139 -3.45451
-3.36925 -3.3587
-3.42987 -3.43425
-3.39028 -3.3937
-3.38975 -3.39175
-3.39262 -3.39596
-3.40445 -3.39551
-3.38424 -3.38712
-3.43877 -3.44262
-3.41657 -3.41924
-3.45249 -3.4549
-3.38106 -3.38381
-3.39553 -3.40158
-3.40997 -3.41261
-3.41397 -3.42143
-3.37164 -3.37107
-3.43831 -3.44075
-3.42251 -3.42736
-3.38189 -3.38317
-3.37494 -3.37904
-3.37785 -3.37885
-3.41065 -3.41804
-3.40149 -3.39129
-3.42851 -3.43108
-3.42796 -3.43019
-3.38449 -3.38809
-3.37868 -3.37972
-3.36066 -3.35859
-3.39559 -3.39775
-3.39496 -3.39467
-3.42427 -3.42733
-3.44888 -3.45269
-3.40786 -3.41141
-3.41726 -3.42313
-3.43613 -3.43877
-3.44898 -3.45426
-3.40312 -3.39357
-3.41279 -3.41589
-3.39368 -3.39409
-3.45101 -3.45218
-3.37116 -3.37027
-3.36985 -3.37576
-3.4106 -3.41255
-3.37751 -3.37853
-3.37976 -3.3815
-3.4313 -3.43529
-3.3797 -3.38356
-3.42584 -3.42775
-3.43622 -3.43607
-3.41659 -3.41841
-3.41729 -3.42407
-3.40329 -3.40437
-3.41025 -3.41419
-3.43117 -3.43115
-3.42929 -3.4301
-3.42543 -3.42682
-3.42099 -3.41957
-3.41383 -3.4192
-3.43813 -3.44037
-3.40418 -3.40948
-3.42284 -3.42402
-3.43633 -3.43631
-3.41272 -3.41632
-3.39754 -3.4001
-3.42942 -3.42938
-3.36329 -3.3656
-3.45687 -3.46174
-3.42116 -3.4227
-3.36059 -3.36558
-3.3899 -3.39207
-3.42536 -3.42711
-3.36644 -3.36975
-3.45206 -3.4552
-3.40415 -3.40529
-3.43531 -3.4398
-3.36118 -3.3617
-3.45435 -3.45719
-3.43039 -3.43278
-3.4512 -3.45493
-3.43646 -3.43844
-3.43152 -3.43447
-3.4261 -3.42565
-3.3666 -3.36625
-3.4533 -3.45076
-3.42738 -3.428
-3.43133 -3.43417
-3.42958 -3.42927
-3.4262 -3.42146
-3.4143 -3.41528
-3.41957 -3.42074
-3.3899 -3.39382
-3.36697 -3.3676
-3.3829 -3.38426
-3.36798 -3.37213
-3.4384 -3.44173
-3.41661 -3.41648
-3.41501 -3.41622
-3.42718 -3.43367
-3.3688 -3.37205
-3.43557 -3.43563
-3.44913 -3.45476
-3.45413 -3.45756
-3.43516 -3.43771
-3.40601 -3.4137
-3.44308 -3.44754
-3.34427 -3.34141
-3.2977 -3.3037
-3.25407 -3.25328
-3.28423 -3.28036
-3.30614 -3.30713
-3.39947 -3.39406
-3.35471 -3.3521
-3.26774 -3.26484
-3.31022 -3.31511
-3.34909 -3.34574
-3.36452 -3.36357
-3.36698 -3.36838
-3.36166 -3.36301
-3.40655 -3.405
-3.39304 -3.38949
-3.37064 -3.37005
-3.36755 -3.36612
-3.4155 -3.41377
-3.38908 -3.38797
-3.39282 -3.39157
-3.41252 -3.40994
-3.41081 -3.40884
-3.39075 -3.39133
-3.37986 -3.37551
-3.34889 -3.34298
-3.30662 -3.29346
-3.36017 -3.34972
-3.3781 -3.36952
-3.30445 -3.29825
-3.32936 -3.32227
-3.38061 -3.3718
-3.35662 -3.34834
-3.3274 -3.3155
-3.3937 -3.3905
-3.35911 -3.34445
-3.37209 -3.36002
-3.37374 -3.37115
-3.37328 -3.36489
-3.3721 -3.36622
-3.36817 -3.36076
-3.37482 -3.36572
-3.34528 -3.33302
-3.36366 -3.35255
-3.36848 -3.35403
-3.3789 -3.36733
-3.37672 -3.36999
-3.36105 -3.34749
-3.36616 -3.35535
-3.36682 -3.35748
-3.34903 -3.33718
-3.38122 -3.37311
-3.35254 -3.33594
-3.3724 -3.361
-3.37823 -3.36946
-3.38151 -3.37961
-3.36895 -3.35488
-3.34451 -3.33021
-3.393 -3.38484
-3.35483 -3.33825
-3.37558 -3.36698
-3.35826 -3.34446
-3.38965 -3.38634
-3.47658 -3.47804
-3.47631 -3.47538
-3.47736 -3.47572
-3.47855 -3.47715
-3.47094 -3.46947
-3.4761 -3.47728
-3.47339 -3.47308
-3.47157 -3.47167
-3.4748 -3.47445
-3.47446 -3.47423
-3.46975 -3.46846
-3.47497 -3.47284
-3.47762 -3.47971
-3.47727 -3.47798
-3.47348 -3.47611
-3.47925 -3.47711
-3.47655 -3.47616
-3.47399 -3.47185
-3.47569 -3.47457
-3.47484 -3.47268
-3.47531 -3.47437
-3.47007 -3.46902
-3.47464 -3.47478
-3.47536 -3.47673
-3.47486 -3.47462
-3.46973 -3.46929
-3.47585 -3.47592
-3.47214 -3.47057
-3.46773 -3.46665
-3.47499 -3.47329
-3.39325 -3.38784
-3.40545 -3.40237
-3.39868 -3.39677
-3.38521 -3.38089
-3.38667 -3.38235
-3.4005 -3.39197
-3.38466 -3.37821
-3.39445 -3.38857
-3.40089 -3.39601
-3.39356 -3.39019
-3.38805 -3.38445
-3.39658 -3.39288
-3.4029 -3.3985
-3.3844 -3.38033
-3.37898 -3.3726
-3.40513 -3.4021
-3.40168 -3.40299
-3.39592 -3.39345
-3.40338 -3.402
-3.4009 -3.4007
-3.38943 -3.38214
-3.40499 -3.40142
-3.40603 -3.40182
-3.40012 -3.39332
-3.4049 -3.40466
-3.40092 -3.39738
-3.40199 -3.39832
-3.40804 -3.40399
-3.40542 -3.40545
-3.39352 -3.39184
-3.41521 -3.41178
-3.42324 -3.42304
-3.41753 -3.41493
-3.42426 -3.42064
-3.42583 -3.42245
-3.41414 -3.41267
-3.4245 -3.42352
-3.42987 -3.42783
-3.42878 -3.42816
-3.43273 -3.42748
-3.41572 -3.4133
-3.4296 -3.42876
-3.41347 -3.41165
-3.41709 -3.41369
-3.42468 -3.42332
-3.41773 -3.41753
-3.41967 -3.41563
-3.41604 -3.41576
-3.4173 -3.4158
-3.41634 -3.4122
-3.41752 -3.41144
-3.41139 -3.40814
-3.41619 -3.41177
-3.41425 -3.41185
-3.41962 -3.41911
-3.42406 -3.42198
-3.41835 -3.4148
-3.41553 -3.40984
-3.42233 -3.41962
-3.42814 -3.42618
-3.45372 -3.45217
-3.45466 -3.45487
-3.45538 -3.45539
-3.45302 -3.4536
-3.45139 -3.45195
-3.45166 -3.44867
-3.45419 -3.45287
-3.45749 -3.45728
-3.45053 -3.45168
-3.4499 -3.44975
-3.45027 -3.44906
-3.45453 -3.45365
-3.45286 -3.45086
-3.44691 -3.44706
-3.45294 -3.45234
-3.45369 -3.45392
-3.45884 -3.45917
-3.45143 -3.44997
-3.45414 -3.45225
-3.4439 -3.44352
-3.45631 -3.45633
-3.46229 -3.46332
-3.45463 -3.45297
-3.44533 -3.44448
-3.45344 -3.44906
-3.45075 -3.45037
-3.45453 -3.45456
-3.43859 -3.43637
-3.45457 -3.45186
-3.45439 -3.45232
-3.43322 -3.43207
-3.44174 -3.44084
-3.43459 -3.43501
-3.43423 -3.43409
-3.43873 -3.43623
-3.43736 -3.43558
-3.43996 -3.43537
-3.43415 -3.43049
-3.43672 -3.43666
-3.43678 -3.43633
-3.43781 -3.43546
-3.44194 -3.43926
-3.44373 -3.44081
-3.43384 -3.43257
-3.44005 -3.43892
-3.44059 -3.4415
-3.44023 -3.44186
-3.42568 -3.42187
-3.43207 -3.42961
-3.44048 -3.43715
-3.431 -3.43025
-3.43931 -3.43521
-3.44213 -3.43948
-3.43275 -3.43142
-3.43821 -3.43723
-3.43541 -3.43259
-3.42949 -3.42629
-3.43285 -3.43103
-3.43372 -3.43183
-3.43931 -3.43769
-3.435 -3.43234
-3.43547 -3.43516
-3.4234 -3.41966
-3.42672 -3.42438
-3.43496 -3.43083
-3.46864 -3.4668
-3.46933 -3.46824
-3.47025 -3.46682
-3.46654 -3.46359
-3.44942 -3.4485
-3.4514 -3.44589
-3.45232 -3.45097
-3.44935 -3.44797
-3.44662 -3.44362
-3.42742 -3.42689
-3.43421 -3.43435
-3.42957 -3.42762
-3.42718 -3.42617
-3.43182 -3.42999
-3.48016 -3.47944
-3.48583 -3.48317
-3.49124 -3.48953
-3.49347 -3.49264
-3.44531 -3.44361
-3.4554 -3.45133
-3.46006 -3.45833
-3.45761 -3.45495
-3.45714 -3.45312
-3.44368 -3.4398
-3.43928 -3.43725
-3.4344 -3.42934
-3.43638 -3.4356
-3.43813 -3.43628
-3.47872 -3.47661
-3.48007 -3.47801
-3.47473 -3.47146
-3.46943 -3.46725
-3.4355 -3.43329
-3.42749 -3.42251
-3.42759 -3.42331
-3.43049 -3.42868
-3.43197 -3.42942
-3.46714 -3.46339
-3.469 -3.46499
-3.45991 -3.45709
-3.45587 -3.45425
-3.49371 -3.49199
-3.49463 -3.49331
-3.497 -3.49417
-3.49957 -3.49765
-3.42888 -3.42709
-3.44763 -3.445
-3.44343 -3.44055
-3.42659 -3.42323
-3.44703 -3.44565
-3.43728 -3.43437
-3.42873 -3.42798
-3.43693 -3.43807
-3.44331 -3.44026
-3.43086 -3.42952
-3.43936 -3.43616
-3.43061 -3.42829
-3.44015 -3.43823
-3.45107 -3.44822
-3.44376 -3.44001
-3.47002 -3.46989
-3.44363 -3.44236
-3.44402 -3.44051
-3.44509 -3.44339
-3.44567 -3.44277
-3.47069 -3.46897
-3.44717 -3.44484
-3.4603 -3.458
-3.44062 -3.43741
-3.47156 -3.47139
-3.47987 -3.48043
-3.37932 -3.36782
-3.36924 -3.35374
-3.47182 -3.47175
-3.38866 -3.3786
-3.47698 -3.47523
-3.47549 -3.47599
-3.47699 -3.47702
-3.37529 -3.36071
-3.47306 -3.47256
-3.47365 -3.47551
-3.44305 -3.43973
-3.46749 -3.46585
-3.47575 -3.47474
-3.44093 -3.44081
-3.47842 -3.47863
-3.47693 -3.47609
-3.46689 -3.46643
-3.46138 -3.46023
-3.47069 -3.46897
-3.47828 -3.47936
-3.47313 -3.47267
-3.44402 -3.44051
-3.40427 -3.40009
-3.4061 -3.40122
-3.41282 -3.41086
-3.41118 -3.40622
-3.40829 -3.40731
-3.39438 -3.38171
-3.41369 -3.4079
-3.39568 -3.39042
-3.38042 -3.37279
-3.40228 -3.39661
-3.4161 -3.41261
-3.39173 -3.3871
-3.45127 -3.4508
-3.44832 -3.44552
-3.45325 -3.45272
-3.44865 -3.44737
-3.44853 -3.44551
-3.44661 -3.44188
-3.4397 -3.43935
-3.44765 -3.44427
-3.45113 -3.44954
-3.44581 -3.44247
-3.449 -3.44498
-3.48915 -3.48985
-3.50958 -3.51039
-3.50092 -3.50206
-3.49257 -3.49285
-3.51311 -3.51388
-3.50718 -3.50797
-3.51079 -3.51083
-3.49375 -3.49498
-3.51438 -3.51503
-3.49662 -3.49746
-3.47051 -3.46818
-3.47525 -3.47254
-3.46957 -3.46759
-3.47556 -3.47307
-3.46821 -3.4601
-3.47036 -3.46503
-3.47098 -3.46575
-3.46418 -3.45806
-3.46782 -3.46041
-3.4628 -3.45594
-3.46461 -3.45751
-3.46235 -3.45683
-3.46582 -3.46025
-3.47207 -3.46975
-3.4728 -3.46933
-3.47147 -3.46675
-3.46672 -3.46368
-3.47097 -3.46662
-3.47221 -3.46821
-3.47146 -3.46941
-3.47183 -3.46784
-3.47136 -3.4706
-3.47645 -3.47334
-3.47305 -3.46963
-3.4729 -3.47036
-3.46884 -3.46403
-3.4711 -3.46509
-3.47289 -3.46611
-3.46703 -3.46064
-3.46413 -3.45757
-3.46643 -3.46107
-3.46502 -3.45916
-3.46692 -3.46231
-3.46877 -3.46292
-3.46901 -3.46248
-3.4669 -3.46112
-3.46641 -3.46056
-3.4661 -3.46072
-3.46897 -3.46228
-3.47005 -3.46484
-3.46485 -3.45981
-3.47408 -3.47131
-3.47091 -3.46675
-3.46621 -3.45908
-3.46623 -3.45932
-3.46441 -3.45847
-3.46491 -3.45805
-3.46522 -3.45855
-3.4687 -3.46449
-3.47153 -3.46949
-3.47118 -3.46922
-3.47059 -3.46869
-3.47045 -3.46572
-3.47355 -3.47006
-3.46728 -3.46257
-3.46641 -3.4623
-3.47362 -3.46723
-3.46878 -3.46199
-3.47337 -3.46638
-3.46895 -3.46403
-3.47013 -3.46458
-3.46888 -3.4632
-3.4689 -3.46616
-3.46923 -3.46539
-3.469 -3.46411
-3.46708 -3.46111
-3.46498 -3.45633
-3.46261 -3.45758
-3.46661 -3.46043
-3.46727 -3.46169
-3.47318 -3.46848
-3.47534 -3.4719
-3.47117 -3.46972
-3.47855 -3.47528
-3.47655 -3.47418
